// Jest Snapshot v1, https://goo.gl/fbAQLP

exports[`Video Item Component snapshots Video item snapshot 1`] = `<DocumentFragment />`;
