// Jest Snapshot v1, https://goo.gl/fbAQLP

exports[`Video Player snapshots Video Player Snapshot 1`] = `
<DocumentFragment>
  <div
    class="LazyLoad"
  />
</DocumentFragment>
`;
