// Jest Snapshot v1, https://goo.gl/fbAQLP

exports[`Navigation Bar snapshots NavigationBar 1`] = `<DocumentFragment />`;

exports[`Navigation Bar snapshots NavigationBar 2`] = `<DocumentFragment />`;
